###############################################################################
#
# IAR ELF Linker V9.20.4.327/W64 for ARM                  02/Jan/2024  18:23:47
# Copyright 2007-2022 IAR Systems AB.
#
#    Output file  =
#        D:\College Data\Terms\Senior
#        1\Embedded\Labs\Lab4-OfficialGitdirectory\Latest
#        H\Embedded-ARM-Drivers\Project\Debug\Exe\Li-Fi.out
#    Map file     =
#        D:\College Data\Terms\Senior
#        1\Embedded\Labs\Lab4-OfficialGitdirectory\Latest
#        H\Embedded-ARM-Drivers\Project\Debug\List\Li-Fi.map
#    Command line =
#        -f "D:\College Data\Terms\Senior
#        1\Embedded\Labs\Lab4-OfficialGitdirectory\Latest
#        H\Embedded-ARM-Drivers\Project\Debug\Exe\Li-Fi.out.rsp" ("D:\College
#        Data\Terms\Senior 1\Embedded\Labs\Lab4-OfficialGitdirectory\Latest
#        H\Embedded-ARM-Drivers\Project\Debug\Obj\HAL\BLUETOOTH.o" "D:\College
#        Data\Terms\Senior 1\Embedded\Labs\Lab4-OfficialGitdirectory\Latest
#        H\Embedded-ARM-Drivers\Project\Debug\Obj\MCAL\DIO.o" "D:\College
#        Data\Terms\Senior 1\Embedded\Labs\Lab4-OfficialGitdirectory\Latest
#        H\Embedded-ARM-Drivers\Project\Debug\Obj\MCAL\INTERRUPT.o" "D:\College
#        Data\Terms\Senior 1\Embedded\Labs\Lab4-OfficialGitdirectory\Latest
#        H\Embedded-ARM-Drivers\Project\Debug\Obj\HAL\LASER.o" "D:\College
#        Data\Terms\Senior 1\Embedded\Labs\Lab4-OfficialGitdirectory\Latest
#        H\Embedded-ARM-Drivers\Project\Debug\Obj\main.o" "D:\College
#        Data\Terms\Senior 1\Embedded\Labs\Lab4-OfficialGitdirectory\Latest
#        H\Embedded-ARM-Drivers\Project\Debug\Obj\HAL\SMOKE.o" "D:\College
#        Data\Terms\Senior 1\Embedded\Labs\Lab4-OfficialGitdirectory\Latest
#        H\Embedded-ARM-Drivers\Project\Debug\Obj\startup_ewarm.o" "D:\College
#        Data\Terms\Senior 1\Embedded\Labs\Lab4-OfficialGitdirectory\Latest
#        H\Embedded-ARM-Drivers\Project\Debug\Obj\HAL\switch.o" "D:\College
#        Data\Terms\Senior 1\Embedded\Labs\Lab4-OfficialGitdirectory\Latest
#        H\Embedded-ARM-Drivers\Project\Debug\Obj\MCAL\SYSTICKTimer.o"
#        "D:\College Data\Terms\Senior
#        1\Embedded\Labs\Lab4-OfficialGitdirectory\Latest
#        H\Embedded-ARM-Drivers\Project\Debug\Obj\MCAL\TIMERS.o" "D:\College
#        Data\Terms\Senior 1\Embedded\Labs\Lab4-OfficialGitdirectory\Latest
#        H\Embedded-ARM-Drivers\Project\Debug\Obj\MCAL\UART.o" "D:\College
#        Data\Terms\Senior 1\Embedded\Labs\Lab4-OfficialGitdirectory\Latest
#        H\Embedded-ARM-Drivers\Project\Debug\Obj\HAL\ULTRASONIC.o"
#        --no_out_extension -o "D:\College Data\Terms\Senior
#        1\Embedded\Labs\Lab4-OfficialGitdirectory\Latest
#        H\Embedded-ARM-Drivers\Project\Debug\Exe\Li-Fi.out" --redirect
#        _Printf=_PrintfFullNoMb --redirect _Scanf=_ScanfFullNoMb --map
#        "D:\College Data\Terms\Senior
#        1\Embedded\Labs\Lab4-OfficialGitdirectory\Latest
#        H\Embedded-ARM-Drivers\Project\Debug\List\Li-Fi.map" --config
#        "D:\Program Files\IAR
#        folders\arm\config\linker\TexasInstruments\TM4C123GH6.icf"
#        --semihosting --entry __iar_program_start --vfe --text_out locale)
#
###############################################################################

*******************************************************************************
*** RUNTIME MODEL ATTRIBUTES
***

CppFlavor       = *
__CPP_Runtime   = 1
__SystemLibrary = DLib
__dlib_version  = 6


*******************************************************************************
*** HEAP SELECTION
***

The basic heap was selected because no calls to memory allocation
functions were found in the application outside of system library
functions, and there are calls to deallocation functions in the
application.


*******************************************************************************
*** PLACEMENT SUMMARY
***

"A0":  place at address 0x0 { ro section .intvec };
"P1":  place in [from 0x0 to 0x3'ffff] { ro };
define block CSTACK with size = 4K, alignment = 8 { };
define block HEAP with size = 8K, alignment = 8 { };
"P2":  place in [from 0x2000'0000 to 0x2000'7fff] {
          rw, block CSTACK, block HEAP };
do not initialize { rw section .noinit };
initialize by copy { rw };

  Section            Kind         Address    Size  Object
  -------            ----         -------    ----  ------
"A0":                                       0x26c
  .intvec            const            0x0   0x26c  startup_ewarm.o [1]
                                  - 0x26c   0x26c

"P1":                                      0x1099
  .text              ro code        0x26c   0x5a8  DIO.o [3]
  .text              ro code        0x814   0x42c  main.o [1]
  .text              ro code        0xc40   0x154  INTERRUPT.o [3]
  .text              ro code        0xd94   0x190  TIMERS.o [3]
  .text              ro code        0xf24    0x40  LASER.o [2]
  .text              ro code        0xf64    0x3e  BLUETOOTH.o [2]
  .text              ro code        0xfa2    0x3a  packbits_init_single.o [6]
  .text              ro code        0xfdc    0x5c  SYSTICKTimer.o [3]
  .text              ro code       0x1038    0x26  ULTRASONIC.o [2]
  .text              ro code       0x1060    0xdc  SMOKE.o [2]
  .text              ro code       0x113c    0x2a  switch.o [2]
  .text              ro code       0x1168    0xa0  UART.o [3]
  .text              ro code       0x1208    0x28  data_init.o [6]
  .text              ro code       0x1230    0x22  fpinit_M.o [5]
  .iar.init_table    const         0x1254    0x10  - Linker created -
  .text              ro code       0x1264    0x1e  cmain.o [6]
  .text              ro code       0x1282     0x4  low_level_init.o [4]
  .text              ro code       0x1286     0x4  exit.o [4]
  .text              ro code       0x128c     0xa  cexit.o [6]
  .text              ro code       0x1298    0x14  exit.o [7]
  .text              ro code       0x12ac    0x1c  cstartup_M.o [6]
  .text              ro code       0x12c8     0xe  startup_ewarm.o [1]
  .rodata            const         0x12d6     0x0  packbits_init_single.o [6]
  Initializer bytes  const         0x12d6    0x2f  <for P2-1>
                                 - 0x1305  0x1099

"P2", part 1 of 2:                           0x42
  P2-1                        0x2000'0000    0x42  <Init block>
    .data            inited   0x2000'0000    0x10  main.o [1]
    .data            inited   0x2000'0010    0x10  main.o [1]
    .data            inited   0x2000'0020    0x10  main.o [1]
    .bss             inited   0x2000'0030     0x4  main.o [1]
    .bss             inited   0x2000'0034     0x4  main.o [1]
    .bss             inited   0x2000'0038     0x4  main.o [1]
    .bss             inited   0x2000'003c     0x4  main.o [1]
    .bss             inited   0x2000'0040     0x1  main.o [1]
    .bss             inited   0x2000'0041     0x1  main.o [1]
                            - 0x2000'0042    0x42

"P2", part 2 of 2:                          0x200
  .noinit            uninit   0x2000'0044   0x200  startup_ewarm.o [1]
                            - 0x2000'0244   0x200

Unused ranges:

         From           To      Size
         ----           --      ----
       0x1305     0x3'ffff  0x3'ecfb
  0x2000'0042  0x2000'0043       0x2
  0x2000'0244  0x2000'7fff    0x7dbc


*******************************************************************************
*** INIT TABLE
***

          Address      Size
          -------      ----
Copy/packbits (__iar_packbits_init_single3)
    1 source range, total size 0x2f (71% of destination):
               0x12d6  0x2f
    1 destination range, total size 0x42:
          0x2000'0000  0x42



*******************************************************************************
*** MODULE SUMMARY
***

    Module                  ro code  ro data  rw data
    ------                  -------  -------  -------
command line/config:
    -------------------------------------------------
    Total:

D:\College Data\Terms\Senior 1\Embedded\Labs\Lab4-OfficialGitdirectory\Latest H\Embedded-ARM-Drivers\Project\Debug\Obj: [1]
    main.o                    1'068       47       66
    startup_ewarm.o              14      620      512
    -------------------------------------------------
    Total:                    1'082      667      578

D:\College Data\Terms\Senior 1\Embedded\Labs\Lab4-OfficialGitdirectory\Latest H\Embedded-ARM-Drivers\Project\Debug\Obj\HAL: [2]
    BLUETOOTH.o                  62
    LASER.o                      64
    SMOKE.o                     220
    ULTRASONIC.o                 38
    switch.o                     42
    -------------------------------------------------
    Total:                      426

D:\College Data\Terms\Senior 1\Embedded\Labs\Lab4-OfficialGitdirectory\Latest H\Embedded-ARM-Drivers\Project\Debug\Obj\MCAL: [3]
    DIO.o                     1'448
    INTERRUPT.o                 340
    SYSTICKTimer.o               92
    TIMERS.o                    400
    UART.o                      160
    -------------------------------------------------
    Total:                    2'440

dl7M_tln.a: [4]
    exit.o                        4
    low_level_init.o              4
    -------------------------------------------------
    Total:                        8

m7M_tls.a: [5]
    fpinit_M.o                   34
    -------------------------------------------------
    Total:                       34

rt7M_tl.a: [6]
    cexit.o                      10
    cmain.o                      30
    cstartup_M.o                 28
    data_init.o                  40
    packbits_init_single.o       58
    -------------------------------------------------
    Total:                      166

shb_l.a: [7]
    exit.o                       20
    -------------------------------------------------
    Total:                       20

    Gaps                          8        2
    Linker created                        16
-----------------------------------------------------
    Grand Total:              4'184      685      578


*******************************************************************************
*** ENTRY LIST
***

Entry                       Address   Size  Type      Object
-----                       -------   ----  ----      ------
.iar.init_table$$Base        0x1254          --   Gb  - Linker created -
.iar.init_table$$Limit       0x1264          --   Gb  - Linker created -
?main                        0x1265         Code  Gb  cmain.o [6]
ADCHandler                    0x851   0xbe  Code  Gb  main.o [1]
DIO_Init                      0x26d  0x13c  Code  Gb  DIO.o [3]
DIO_SetupDirection            0x3a9  0x2a4  Code  Gb  DIO.o [3]
DIO_WritePin                  0x64d  0x112  Code  Gb  DIO.o [3]
FaultISR                     0x12d3    0x2  Code  Lc  startup_ewarm.o [1]
IntDefaultHandler            0x12d5    0x2  Code  Lc  startup_ewarm.o [1]
LASER_Init                    0xf25   0x20  Code  Gb  LASER.o [2]
LASER_Off                     0xf55   0x10  Code  Gb  LASER.o [2]
LASER_On                      0xf45   0x10  Code  Gb  LASER.o [2]
NmiSR                        0x12d1    0x2  Code  Lc  startup_ewarm.o [1]
Ourswitch               0x2000'0020   0x10  Data  Gb  main.o [1]
PortF_Handler                 0xb01   0xce  Code  Gb  main.o [1]
Region$$Table$$Base          0x1254          --   Gb  - Linker created -
Region$$Table$$Limit         0x1264          --   Gb  - Linker created -
ResetISR                     0x12c9    0x8  Code  Gb  startup_ewarm.o [1]
SwitchHandler                 0xa43   0xbe  Code  Gb  main.o [1]
SysTickDisable                0xfe1   0x10  Code  Gb  SYSTICKTimer.o [3]
SysTickEnable                 0xff1   0x16  Code  Gb  SYSTICKTimer.o [3]
SysTickPeriodSet             0x1007   0x26  Code  Gb  SYSTICKTimer.o [3]
SystickHandler                0x90f   0x22  Code  Gb  main.o [1]
TIMER0_HANDLER                0x931   0xf4  Code  Gb  main.o [1]
TIMER1_HANDLER                0xa25   0x1e  Code  Gb  main.o [1]
Timer0ACapture_init           0xd95   0x70  Code  Gb  TIMERS.o [3]
Timer1_enableInterrupt        0xe59   0x16  Code  Gb  TIMERS.o [3]
Timer1_init                   0xe05   0x36  Code  Gb  TIMERS.o [3]
Timer1_setDelay               0xe3b    0xe  Code  Gb  TIMERS.o [3]
Timer1_start                  0xe49    0x8  Code  Gb  TIMERS.o [3]
Timer1_stop                   0xe51    0x8  Code  Gb  TIMERS.o [3]
Timer2_init                   0xe6f   0x36  Code  Gb  TIMERS.o [3]
Timer2_setDelay               0xea5    0xe  Code  Gb  TIMERS.o [3]
Timer2_start                  0xeb3    0x8  Code  Gb  TIMERS.o [3]
Timer2_stop                   0xebb    0x8  Code  Gb  TIMERS.o [3]
UART_Init                    0x1169   0x60  Code  Gb  UART.o [3]
UART_setBaudRate             0x11c9    0xe  Code  Gb  UART.o [3]
__cmain                      0x1265         Code  Gb  cmain.o [6]
__exit                       0x1299   0x14  Code  Gb  exit.o [7]
__iar_data_init3             0x1209   0x28  Code  Gb  data_init.o [6]
__iar_init_vfp               0x1231         Code  Gb  fpinit_M.o [5]
__iar_packbits_init_single3
                              0xfa3   0x3a  Code  Gb  packbits_init_single.o [6]
__iar_program_start          0x12ad         Code  Gb  cstartup_M.o [6]
__low_level_init             0x1283    0x4  Code  Gb  low_level_init.o [4]
__vector_table                  0x0  0x26c  Data  Gb  startup_ewarm.o [1]
_call_main                   0x1271         Code  Gb  cmain.o [6]
_exit                        0x128d         Code  Gb  cexit.o [6]
bluetooth_Init                0xf65    0xa  Code  Gb  BLUETOOTH.o [2]
bluetooth_Write               0xf6f   0x14  Code  Gb  BLUETOOTH.o [2]
bluetooth_Write_String        0xf8d   0x16  Code  Gb  BLUETOOTH.o [2]
distance                0x2000'0034    0x4  Data  Gb  main.o [1]
enableInterruptToProcessor
                              0xfdd    0x4  Code  Gb  SYSTICKTimer.o [3]
exit                         0x1287    0x4  Code  Gb  exit.o [4]
fire                    0x2000'0000   0x10  Data  Gb  main.o [1]
interrupt_disable_pin         0xd5b   0x12  Code  Gb  INTERRUPT.o [3]
interrupt_enable_pin          0xd4b   0x10  Code  Gb  INTERRUPT.o [3]
interrupt_init                0xc41  0x10a  Code  Gb  INTERRUPT.o [3]
lastEdge                0x2000'0038    0x4  Data  Gb  main.o [1]
lastedgeIn_flag         0x2000'0040    0x1  Data  Gb  main.o [1]
main                          0x815   0x3c  Code  Gb  main.o [1]
pui32Stack              0x2000'0044  0x200  Data  Lc  startup_ewarm.o [1]
smoke_Disable_Interrupt
                             0x10f1   0x16  Code  Gb  SMOKE.o [2]
smoke_Enable_Interrupt       0x10db   0x16  Code  Gb  SMOKE.o [2]
smoke_Init                   0x1061   0x6e  Code  Gb  SMOKE.o [2]
smoke_Start_Sampling         0x10cf    0xc  Code  Gb  SMOKE.o [2]
switchInit                   0x113d   0x2a  Code  Gb  switch.o [2]
systick_done_flag       0x2000'0041    0x1  Data  Gb  main.o [1]
thisEdge                0x2000'003c    0x4  Data  Gb  main.o [1]
time                    0x2000'0030    0x4  Data  Gb  main.o [1]
ultra                   0x2000'0010   0x10  Data  Gb  main.o [1]
ultrasonic_Init              0x1039   0x26  Code  Gb  ULTRASONIC.o [2]


[1] = D:\College Data\Terms\Senior 1\Embedded\Labs\Lab4-OfficialGitdirectory\Latest H\Embedded-ARM-Drivers\Project\Debug\Obj
[2] = D:\College Data\Terms\Senior 1\Embedded\Labs\Lab4-OfficialGitdirectory\Latest H\Embedded-ARM-Drivers\Project\Debug\Obj\HAL
[3] = D:\College Data\Terms\Senior 1\Embedded\Labs\Lab4-OfficialGitdirectory\Latest H\Embedded-ARM-Drivers\Project\Debug\Obj\MCAL
[4] = dl7M_tln.a
[5] = m7M_tls.a
[6] = rt7M_tl.a
[7] = shb_l.a

  4'184 bytes of readonly  code memory
    685 bytes of readonly  data memory
    578 bytes of readwrite data memory

Errors: none
Warnings: none
